// Jest Snapshot v1, https://goo.gl/fbAQLP

exports[`#Flex renders correctly 1`] = `
<div
  className=""
>
  <div
    className=""
  >
    1
  </div>
  <div
    className=""
  >
    2
  </div>
</div>
`;
